[backblue.gif]
[fade.gif]
[index.html]
[cyberarcadia.com/splashpage.css]
[cyberarcadia.com/favicon.png]
[cyberarcadia.com/mainpage.html]
[cyberarcadia.com/sounds/DissolvedGirl.mp3]
[cyberarcadia.com/index.html]
[cyberarcadia.com/nightselfie.png]
[cyberarcadia.com/Orbitron.ttf]
[cyberarcadia.com/NEWACADEMY.ttf]
[cyberarcadia.com/splashpage.css]
[cyberarcadia.com/style.css]
[cyberarcadia.com/images/polybanner.png]
[cyberarcadia.com/about.html]
[cyberarcadia.com/links.html]
[cyberarcadia.com/matrix.html]
[cyberarcadia.com/images/underconstruction.png]
[cyberarcadia.com/neocities.png]
[cyberarcadia.com/mainpage.html]
[cyberarcadia.com/Orbitron-webfontd41d.html]
[cyberarcadia.com/Orbitron-webfont.html]
[cyberarcadia.com/Orbitron-webfont-2.html]
[cyberarcadia.com/NEWACADEMY-webfontd41d.html]
[cyberarcadia.com/NEWACADEMY-webfont.html]
[cyberarcadia.com/NEWACADEMY-webfont-2.html]
[cyberarcadia.com/images/matrixopen1.png]
[cyberarcadia.com/images/monitordarker.png]
[cyberarcadia.com/images/flames2.png]
[cyberarcadia.com/style.css]
[cyberarcadia.com/images/heresjohnny.png]
[cyberarcadia.com/about.html]
[cyberarcadia.com/matrix25.html]
[cyberarcadia.com/interests.html]
[cyberarcadia.com/lexx.html]
[cyberarcadia.com/images/acid.png]
[cyberarcadia.com/magick.html]
[cyberarcadia.com/links.html]
[cyberarcadia.com/images/code.png]
[cyberarcadia.com/images/Trinity.png]
[cyberarcadia.com/images/neo.png]
[cyberarcadia.com/images/matrixend.png]
[cyberarcadia.com/images/revolutionsend.png]
[cyberarcadia.com/images/savingmylife.jpg]
[cyberarcadia.com/images/mxobannersmall.png]
[cyberarcadia.com/images/letsgotrans.png]
[cyberarcadia.com/images/justlikeyouropinion.jpg]
[cyberarcadia.com/images/dotmaetrix.jpg]
[cyberarcadia.com/images/gayer.png]
[cyberarcadia.com/images/why.png]
[cyberarcadia.com/images/fbothofyou.png]
[cyberarcadia.com/images/weedfairies.png]
[cyberarcadia.com/images/neoandtrinity.png]
[cyberarcadia.com/matrix.html]
[cyberarcadia.com/images/thematrix1.png]
[cyberarcadia.com/matrix25.html]
[cyberarcadia.com/images/lexx/lexx.jpg]
[cyberarcadia.com/images/lexx/thegang.png]
[cyberarcadia.com/images/lexx/mantrid.jpg]
[cyberarcadia.com/lexx.html]
